
Due to MODULEPATH changes, the following have been reloaded:
  1) openmpi/4.0.3

The following have been reloaded with a version change:
  1) gcc/12.2.0 => gcc/14.2.0

Traceback (most recent call last):
  File "/home/maanson/Speciale/connect/source/mcmc_samplers/run_scripts/run_cobaya_iteration.py", line 11, in <module>
Traceback (most recent call last):
  File "/home/maanson/Speciale/connect/source/mcmc_samplers/run_scripts/run_cobaya_iteration.py", line 11, in <module>
Traceback (most recent call last):
  File "/home/maanson/Speciale/connect/source/mcmc_samplers/run_scripts/run_cobaya_iteration.py", line 11, in <module>
Traceback (most recent call last):
  File "/home/maanson/Speciale/connect/source/mcmc_samplers/run_scripts/run_cobaya_iteration.py", line 11, in <module>
    from source.default_module import Parameters
    from source.default_module import Parameters
ModuleNotFoundError: No module named 'source'
    from source.default_module import Parameters
ModuleNotFoundError: No module named 'source'
ModuleNotFoundError: No module named 'source'
    from source.default_module import Parameters
ModuleNotFoundError: No module named 'source'
--------------------------------------------------------------------------
Primary job  terminated normally, but 1 process returned
a non-zero exit code. Per user-direction, the job has been aborted.
--------------------------------------------------------------------------
--------------------------------------------------------------------------
mpirun detected that one or more processes exited with non-zero status, thus causing
the job to be terminated. The first process to do so was:

  Process name: [[29957,1],2]
  Exit code:    1
--------------------------------------------------------------------------
Traceback (most recent call last):
  File "/home/maanson/Speciale/connect/connect.py", line 68, in <module>
    s.create_iterative_data()
  File "/home/maanson/Speciale/connect/source/data_sampling.py", line 116, in create_iterative_data
    N_acc = mcmc.get_number_of_accepted_steps(i)
  File "/home/maanson/Speciale/connect/source/mcmc_samplers/cobaya.py", line 23, in get_number_of_accepted_steps
    with open(os.path.join(directory,'cobaya_all_chains.pkl'),'rb') as f:
FileNotFoundError: [Errno 2] No such file or directory: '/home/maanson/Speciale/connect/data/dcdm_log/number_1/cobaya_all_chains.pkl'
