========= Job started at Fri Mar 21 02:45:42 CET 2025 ==========
CMB power spectra plot saved to: /home/maanson/Speciale/connectv2/trained_models/dcdm_models/dcdm_baseline_filter_thres400_new_13/plots/tt_spectra.pdf
CMB power spectra plot saved to: /home/maanson/Speciale/connectv2/trained_models/dcdm_models/dcdm_baseline_filter_thres400_new_13/plots/te_spectra.pdf
CMB power spectra plot saved to: /home/maanson/Speciale/connectv2/trained_models/dcdm_models/dcdm_baseline_filter_thres400_new_13/plots/ee_spectra.pdf
CMB power spectra plot saved to: /home/maanson/Speciale/connectv2/trained_models/dcdm_models/dcdm_baseline_filter_thres400_new_13/plots/pp_spectra.pdf
z_reio
CLASS: 11.030426
CONNECT: 11.05888
Omega_Lambda
CLASS: 0.6751428
CONNECT: 0.67330503
YHe
CLASS: 0.24537043
CONNECT: 0.24535479
A_s
CLASS: 2.3192803e-09
CONNECT: 2.3235291e-09
sigma8
CLASS: 0.8693622
CONNECT: 0.8696672
Error plot saved to: /home/maanson/Speciale/connectv2/trained_models/dcdm_models/dcdm_baseline_filter_thres400_new_13/plots/error.pdf
Combined spectra and errors plot saved to: /home/maanson/Speciale/connectv2/trained_models/dcdm_models/dcdm_baseline_filter_thres400_new_13/plots/combined_spectra_and_errors.pdf
Validation loss plot saved to: /home/maanson/Speciale/connectv2/trained_models/dcdm_models/dcdm_baseline_filter_thres400_new_13/plots/val_loss.pdf
========= Job finished at Fri Mar 21 02:48:50 CET 2025 ==========
