========= Job started at Mon Feb 10 07:32:49 CET 2025 ==========
The following model failed in CLASS:
{'output': 'tCl,lCl,pCl,mPk', 'lensing': 'yes', 'k_pivot': 0.05, 'N_ur': 2.0328, 'N_ncdm': 1, 'm_ncdm': 0.06, 'T_ncdm': 0.71611, 'omega_b': 0.015645756214216114, 'omega_cdm': 0.2210558731824484, 'H0': 75.61756174557017, 'ln10^{10}A_s': 2.996947120621193, 'n_s': 0.837933949242817, 'tau_reio': 0.3924280033297923, 'P_k_max_1/Mpc': 8.4445, 'z_max_pk': 13.65}
thermodynamics_init(L:404) :error in thermodynamics_solve(ppr,pba,pth,ptw,pvecback);
=>thermodynamics_solve(L:1602) :error in thermodynamics_reionization_evolve_with_tau(&tpaw, interval_limit[index_interval], interval_limit[index_interval+1], mz_output, pth->tt_size);
=>thermodynamics_reionization_evolve_with_tau(L:2269) :condition (tau_sup < pth->tau_reio) is true; parameters are such that reionization cannot start after z_start_max
The following model failed in CLASS:
{'output': 'tCl,lCl,pCl,mPk', 'lensing': 'yes', 'k_pivot': 0.05, 'N_ur': 2.0328, 'N_ncdm': 1, 'm_ncdm': 0.06, 'T_ncdm': 0.71611, 'omega_b': 0.01407381854606554, 'omega_cdm': 0.2423079112194957, 'H0': 74.58628979765273, 'ln10^{10}A_s': 2.411760801285662, 'n_s': 1.0376394798969564, 'tau_reio': 0.3840605174453524, 'P_k_max_1/Mpc': 8.4445, 'z_max_pk': 13.65}
thermodynamics_init(L:404) :error in thermodynamics_solve(ppr,pba,pth,ptw,pvecback);
=>thermodynamics_solve(L:1602) :error in thermodynamics_reionization_evolve_with_tau(&tpaw, interval_limit[index_interval], interval_limit[index_interval+1], mz_output, pth->tt_size);
=>thermodynamics_reionization_evolve_with_tau(L:2269) :condition (tau_sup < pth->tau_reio) is true; parameters are such that reionization cannot start after z_start_max
The following model failed in CLASS:
{'output': 'tCl,lCl,pCl,mPk', 'lensing': 'yes', 'k_pivot': 0.05, 'N_ur': 2.0328, 'N_ncdm': 1, 'm_ncdm': 0.06, 'T_ncdm': 0.71611, 'omega_b': 0.014113270012346276, 'omega_cdm': 0.19708590392555903, 'H0': 75.59618261861077, 'ln10^{10}A_s': 3.4083938559728293, 'n_s': 0.7933724837532331, 'tau_reio': 0.3994198801955592, 'P_k_max_1/Mpc': 8.4445, 'z_max_pk': 13.65}
thermodynamics_init(L:404) :error in thermodynamics_solve(ppr,pba,pth,ptw,pvecback);
=>thermodynamics_solve(L:1602) :error in thermodynamics_reionization_evolve_with_tau(&tpaw, interval_limit[index_interval], interval_limit[index_interval+1], mz_output, pth->tt_size);
=>thermodynamics_reionization_evolve_with_tau(L:2269) :condition (tau_sup < pth->tau_reio) is true; parameters are such that reionization cannot start after z_start_max
The following model failed in CLASS:
{'output': 'tCl,lCl,pCl,mPk', 'lensing': 'yes', 'k_pivot': 0.05, 'N_ur': 2.0328, 'N_ncdm': 1, 'm_ncdm': 0.06, 'T_ncdm': 0.71611, 'omega_b': 0.014252655221078167, 'omega_cdm': 0.20969816462456836, 'H0': 75.32185279881277, 'ln10^{10}A_s': 3.1691314259129024, 'n_s': 1.0083040522716527, 'tau_reio': 0.3966958952537305, 'P_k_max_1/Mpc': 8.4445, 'z_max_pk': 13.65}
thermodynamics_init(L:404) :error in thermodynamics_solve(ppr,pba,pth,ptw,pvecback);
=>thermodynamics_solve(L:1602) :error in thermodynamics_reionization_evolve_with_tau(&tpaw, interval_limit[index_interval], interval_limit[index_interval+1], mz_output, pth->tt_size);
=>thermodynamics_reionization_evolve_with_tau(L:2269) :condition (tau_sup < pth->tau_reio) is true; parameters are such that reionization cannot start after z_start_max
The following model failed in CLASS:
{'output': 'tCl,lCl,pCl,mPk', 'lensing': 'yes', 'k_pivot': 0.05, 'N_ur': 2.0328, 'N_ncdm': 1, 'm_ncdm': 0.06, 'T_ncdm': 0.71611, 'omega_b': 0.014267980398238178, 'omega_cdm': 0.23967280234999497, 'H0': 74.92157322269215, 'ln10^{10}A_s': 2.2474078507682713, 'n_s': 1.0341368310838863, 'tau_reio': 0.3703156310921676, 'P_k_max_1/Mpc': 8.4445, 'z_max_pk': 13.65}
thermodynamics_init(L:404) :error in thermodynamics_solve(ppr,pba,pth,ptw,pvecback);
=>thermodynamics_solve(L:1602) :error in thermodynamics_reionization_evolve_with_tau(&tpaw, interval_limit[index_interval], interval_limit[index_interval+1], mz_output, pth->tt_size);
=>thermodynamics_reionization_evolve_with_tau(L:2269) :condition (tau_sup < pth->tau_reio) is true; parameters are such that reionization cannot start after z_start_max
The following model failed in CLASS:
{'output': 'tCl,lCl,pCl,mPk', 'lensing': 'yes', 'k_pivot': 0.05, 'N_ur': 2.0328, 'N_ncdm': 1, 'm_ncdm': 0.06, 'T_ncdm': 0.71611, 'omega_b': 0.015169809506623269, 'omega_cdm': 0.23380628869248393, 'H0': 75.48433265503029, 'ln10^{10}A_s': 2.388571500197098, 'n_s': 1.2399596184057908, 'tau_reio': 0.36787989773807245, 'P_k_max_1/Mpc': 8.4445, 'z_max_pk': 13.65}
thermodynamics_init(L:404) :error in thermodynamics_solve(ppr,pba,pth,ptw,pvecback);
=>thermodynamics_solve(L:1602) :error in thermodynamics_reionization_evolve_with_tau(&tpaw, interval_limit[index_interval], interval_limit[index_interval+1], mz_output, pth->tt_size);
=>thermodynamics_reionization_evolve_with_tau(L:2269) :condition (tau_sup < pth->tau_reio) is true; parameters are such that reionization cannot start after z_start_max
The following model failed in CLASS:
{'output': 'tCl,lCl,pCl,mPk', 'lensing': 'yes', 'k_pivot': 0.05, 'N_ur': 2.0328, 'N_ncdm': 1, 'm_ncdm': 0.06, 'T_ncdm': 0.71611, 'omega_b': 0.015959121848508458, 'omega_cdm': 0.24537717214197957, 'H0': 75.34725454901302, 'ln10^{10}A_s': 2.7694938683979227, 'n_s': 1.0184268204334779, 'tau_reio': 0.3790515976354074, 'P_k_max_1/Mpc': 8.4445, 'z_max_pk': 13.65}
thermodynamics_init(L:404) :error in thermodynamics_solve(ppr,pba,pth,ptw,pvecback);
=>thermodynamics_solve(L:1602) :error in thermodynamics_reionization_evolve_with_tau(&tpaw, interval_limit[index_interval], interval_limit[index_interval+1], mz_output, pth->tt_size);
=>thermodynamics_reionization_evolve_with_tau(L:2269) :condition (tau_sup < pth->tau_reio) is true; parameters are such that reionization cannot start after z_start_max
The following model failed in CLASS:
{'output': 'tCl,lCl,pCl,mPk', 'lensing': 'yes', 'k_pivot': 0.05, 'N_ur': 2.0328, 'N_ncdm': 1, 'm_ncdm': 0.06, 'T_ncdm': 0.71611, 'omega_b': 0.014250756557989573, 'omega_cdm': 0.21283226094255658, 'H0': 75.63359924180727, 'ln10^{10}A_s': 3.56375501670626, 'n_s': 0.9094335135549504, 'tau_reio': 0.3689269732380564, 'P_k_max_1/Mpc': 8.4445, 'z_max_pk': 13.65}
thermodynamics_init(L:404) :error in thermodynamics_solve(ppr,pba,pth,ptw,pvecback);
=>thermodynamics_solve(L:1602) :error in thermodynamics_reionization_evolve_with_tau(&tpaw, interval_limit[index_interval], interval_limit[index_interval+1], mz_output, pth->tt_size);
=>thermodynamics_reionization_evolve_with_tau(L:2269) :condition (tau_sup < pth->tau_reio) is true; parameters are such that reionization cannot start after z_start_max
The following model failed in CLASS:
{'output': 'tCl,lCl,pCl,mPk', 'lensing': 'yes', 'k_pivot': 0.05, 'N_ur': 2.0328, 'N_ncdm': 1, 'm_ncdm': 0.06, 'T_ncdm': 0.71611, 'omega_b': 0.014472403879435703, 'omega_cdm': 0.231007817168985, 'H0': 75.27689316745935, 'ln10^{10}A_s': 3.628098841012042, 'n_s': 0.9670231289637943, 'tau_reio': 0.35316519640552124, 'P_k_max_1/Mpc': 8.4445, 'z_max_pk': 13.65}
thermodynamics_init(L:404) :error in thermodynamics_solve(ppr,pba,pth,ptw,pvecback);
=>thermodynamics_solve(L:1602) :error in thermodynamics_reionization_evolve_with_tau(&tpaw, interval_limit[index_interval], interval_limit[index_interval+1], mz_output, pth->tt_size);
=>thermodynamics_reionization_evolve_with_tau(L:2269) :condition (tau_sup < pth->tau_reio) is true; parameters are such that reionization cannot start after z_start_max
The following model failed in CLASS:
{'output': 'tCl,lCl,pCl,mPk', 'lensing': 'yes', 'k_pivot': 0.05, 'N_ur': 2.0328, 'N_ncdm': 1, 'm_ncdm': 0.06, 'T_ncdm': 0.71611, 'omega_b': 0.015920756817557773, 'omega_cdm': 0.22253859769735648, 'H0': 74.77440770346949, 'ln10^{10}A_s': 3.1615203151110567, 'n_s': 0.7318924522102767, 'tau_reio': 0.3970587083389346, 'P_k_max_1/Mpc': 8.4445, 'z_max_pk': 13.65}
thermodynamics_init(L:404) :error in thermodynamics_solve(ppr,pba,pth,ptw,pvecback);
=>thermodynamics_solve(L:1602) :error in thermodynamics_reionization_evolve_with_tau(&tpaw, interval_limit[index_interval], interval_limit[index_interval+1], mz_output, pth->tt_size);
=>thermodynamics_reionization_evolve_with_tau(L:2269) :condition (tau_sup < pth->tau_reio) is true; parameters are such that reionization cannot start after z_start_max
The following model failed in CLASS:
{'output': 'tCl,lCl,pCl,mPk', 'lensing': 'yes', 'k_pivot': 0.05, 'N_ur': 2.0328, 'N_ncdm': 1, 'm_ncdm': 0.06, 'T_ncdm': 0.71611, 'omega_b': 0.014207674475236645, 'omega_cdm': 0.2369543830266274, 'H0': 74.83793262799678, 'ln10^{10}A_s': 2.0406200039824665, 'n_s': 0.8916005726816663, 'tau_reio': 0.3669272742641372, 'P_k_max_1/Mpc': 8.4445, 'z_max_pk': 13.65}
thermodynamics_init(L:404) :error in thermodynamics_solve(ppr,pba,pth,ptw,pvecback);
=>thermodynamics_solve(L:1602) :error in thermodynamics_reionization_evolve_with_tau(&tpaw, interval_limit[index_interval], interval_limit[index_interval+1], mz_output, pth->tt_size);
=>thermodynamics_reionization_evolve_with_tau(L:2269) :condition (tau_sup < pth->tau_reio) is true; parameters are such that reionization cannot start after z_start_max
The following model failed in CLASS:
{'output': 'tCl,lCl,pCl,mPk', 'lensing': 'yes', 'k_pivot': 0.05, 'N_ur': 2.0328, 'N_ncdm': 1, 'm_ncdm': 0.06, 'T_ncdm': 0.71611, 'omega_b': 0.01539309492215046, 'omega_cdm': 0.2486332549048641, 'H0': 74.88280496513306, 'ln10^{10}A_s': 3.763046805989343, 'n_s': 1.0577286422627343, 'tau_reio': 0.36781094773932793, 'P_k_max_1/Mpc': 8.4445, 'z_max_pk': 13.65}
thermodynamics_init(L:404) :error in thermodynamics_solve(ppr,pba,pth,ptw,pvecback);
=>thermodynamics_solve(L:1602) :error in thermodynamics_reionization_evolve_with_tau(&tpaw, interval_limit[index_interval], interval_limit[index_interval+1], mz_output, pth->tt_size);
=>thermodynamics_reionization_evolve_with_tau(L:2269) :condition (tau_sup < pth->tau_reio) is true; parameters are such that reionization cannot start after z_start_max
The following model failed in CLASS:
{'output': 'tCl,lCl,pCl,mPk', 'lensing': 'yes', 'k_pivot': 0.05, 'N_ur': 2.0328, 'N_ncdm': 1, 'm_ncdm': 0.06, 'T_ncdm': 0.71611, 'omega_b': 0.015814379194339846, 'omega_cdm': 0.2348373562611885, 'H0': 74.98890799175332, 'ln10^{10}A_s': 3.634594072401666, 'n_s': 0.7027282000445233, 'tau_reio': 0.3858426972437278, 'P_k_max_1/Mpc': 8.4445, 'z_max_pk': 13.65}
thermodynamics_init(L:404) :error in thermodynamics_solve(ppr,pba,pth,ptw,pvecback);
=>thermodynamics_solve(L:1602) :error in thermodynamics_reionization_evolve_with_tau(&tpaw, interval_limit[index_interval], interval_limit[index_interval+1], mz_output, pth->tt_size);
=>thermodynamics_reionization_evolve_with_tau(L:2269) :condition (tau_sup < pth->tau_reio) is true; parameters are such that reionization cannot start after z_start_max
The following model failed in CLASS:
{'output': 'tCl,lCl,pCl,mPk', 'lensing': 'yes', 'k_pivot': 0.05, 'N_ur': 2.0328, 'N_ncdm': 1, 'm_ncdm': 0.06, 'T_ncdm': 0.71611, 'omega_b': 0.015311593266182493, 'omega_cdm': 0.23764867869823397, 'H0': 75.20042041638311, 'ln10^{10}A_s': 3.1150612415081738, 'n_s': 1.1220882496789857, 'tau_reio': 0.3986368896286958, 'P_k_max_1/Mpc': 8.4445, 'z_max_pk': 13.65}
thermodynamics_init(L:404) :error in thermodynamics_solve(ppr,pba,pth,ptw,pvecback);
=>thermodynamics_solve(L:1602) :error in thermodynamics_reionization_evolve_with_tau(&tpaw, interval_limit[index_interval], interval_limit[index_interval+1], mz_output, pth->tt_size);
=>thermodynamics_reionization_evolve_with_tau(L:2269) :condition (tau_sup < pth->tau_reio) is true; parameters are such that reionization cannot start after z_start_max
The following model failed in CLASS:
{'output': 'tCl,lCl,pCl,mPk', 'lensing': 'yes', 'k_pivot': 0.05, 'N_ur': 2.0328, 'N_ncdm': 1, 'm_ncdm': 0.06, 'T_ncdm': 0.71611, 'omega_b': 0.014377866991191974, 'omega_cdm': 0.19910288854133185, 'H0': 75.0006571662066, 'ln10^{10}A_s': 2.6577151030447, 'n_s': 1.2633400011495408, 'tau_reio': 0.38355389907114634, 'P_k_max_1/Mpc': 8.4445, 'z_max_pk': 13.65}
thermodynamics_init(L:404) :error in thermodynamics_solve(ppr,pba,pth,ptw,pvecback);
=>thermodynamics_solve(L:1602) :error in thermodynamics_reionization_evolve_with_tau(&tpaw, interval_limit[index_interval], interval_limit[index_interval+1], mz_output, pth->tt_size);
=>thermodynamics_reionization_evolve_with_tau(L:2269) :condition (tau_sup < pth->tau_reio) is true; parameters are such that reionization cannot start after z_start_max
The following model failed in CLASS:
{'output': 'tCl,lCl,pCl,mPk', 'lensing': 'yes', 'k_pivot': 0.05, 'N_ur': 2.0328, 'N_ncdm': 1, 'm_ncdm': 0.06, 'T_ncdm': 0.71611, 'omega_b': 0.015236065589929657, 'omega_cdm': 0.24992507058810753, 'H0': 74.52816568955323, 'ln10^{10}A_s': 2.912322991765086, 'n_s': 0.8297431636486372, 'tau_reio': 0.38674367868305537, 'P_k_max_1/Mpc': 8.4445, 'z_max_pk': 13.65}
thermodynamics_init(L:404) :error in thermodynamics_solve(ppr,pba,pth,ptw,pvecback);
=>thermodynamics_solve(L:1602) :error in thermodynamics_reionization_evolve_with_tau(&tpaw, interval_limit[index_interval], interval_limit[index_interval+1], mz_output, pth->tt_size);
=>thermodynamics_reionization_evolve_with_tau(L:2269) :condition (tau_sup < pth->tau_reio) is true; parameters are such that reionization cannot start after z_start_max
========= Job finished at Mon Feb 10 09:10:04 CET 2025 ==========
