
Due to MODULEPATH changes, the following have been reloaded:
  1) openmpi/4.0.3

The following have been reloaded with a version change:
  1) gcc/12.2.0 => gcc/14.2.0

ps: /comm/swstack/core/anaconda3/2021.05/lib/libuuid.so.1: no version information available (required by /lib64/libblkid.so.1)
ps: /comm/swstack/core/anaconda3/2021.05/lib/libuuid.so.1: no version information available (required by /lib64/libblkid.so.1)
ps: /comm/swstack/core/anaconda3/2021.05/lib/libuuid.so.1: no version information available (required by /lib64/libblkid.so.1)
ps: /comm/swstack/core/anaconda3/2021.05/lib/libuuid.so.1: no version information available (required by /lib64/libblkid.so.1)
ps: /comm/swstack/core/anaconda3/2021.05/lib/libuuid.so.1: no version information available (required by /lib64/libblkid.so.1)
ps: /comm/swstack/core/anaconda3/2021.05/lib/libuuid.so.1: no version information available (required by /lib64/libblkid.so.1)
ps: /comm/swstack/core/anaconda3/2021.05/lib/libuuid.so.1: no version information available (required by /lib64/libblkid.so.1)
ps: /comm/swstack/core/anaconda3/2021.05/lib/libuuid.so.1: no version information available (required by /lib64/libblkid.so.1)
ps: /comm/swstack/core/anaconda3/2021.05/lib/libuuid.so.1: no version information available (required by /lib64/libblkid.so.1)
ps: /comm/swstack/core/anaconda3/2021.05/lib/libuuid.so.1: no version information available (required by /lib64/libblkid.so.1)
ps: /comm/swstack/core/anaconda3/2021.05/lib/libuuid.so.1: no version information available (required by /lib64/libblkid.so.1)
ps: /comm/swstack/core/anaconda3/2021.05/lib/libuuid.so.1: no version information available (required by /lib64/libblkid.so.1)
ps: /comm/swstack/core/anaconda3/2021.05/lib/libuuid.so.1: no version information available (required by /lib64/libblkid.so.1)
ps: /comm/swstack/core/anaconda3/2021.05/lib/libuuid.so.1: no version information available (required by /lib64/libblkid.so.1)
ps: /comm/swstack/core/anaconda3/2021.05/lib/libuuid.so.1: no version information available (required by /lib64/libblkid.so.1)
ps: /comm/swstack/core/anaconda3/2021.05/lib/libuuid.so.1: no version information available (required by /lib64/libblkid.so.1)
ps: /comm/swstack/core/anaconda3/2021.05/lib/libuuid.so.1: no version information available (required by /lib64/libblkid.so.1)
ps: /comm/swstack/core/anaconda3/2021.05/lib/libuuid.so.1: no version information available (required by /lib64/libblkid.so.1)
ps: /comm/swstack/core/anaconda3/2021.05/lib/libuuid.so.1: no version information available (required by /lib64/libblkid.so.1)
ps: /comm/swstack/core/anaconda3/2021.05/lib/libuuid.so.1: no version information available (required by /lib64/libblkid.so.1)
ps: /comm/swstack/core/anaconda3/2021.05/lib/libuuid.so.1: no version information available (required by /lib64/libblkid.so.1)
ps: /comm/swstack/core/anaconda3/2021.05/lib/libuuid.so.1: no version information available (required by /lib64/libblkid.so.1)
ps: /comm/swstack/core/anaconda3/2021.05/lib/libuuid.so.1: no version information available (required by /lib64/libblkid.so.1)
ps: /comm/swstack/core/anaconda3/2021.05/lib/libuuid.so.1: no version information available (required by /lib64/libblkid.so.1)
ps: /comm/swstack/core/anaconda3/2021.05/lib/libuuid.so.1: no version information available (required by /lib64/libblkid.so.1)
ps: /comm/swstack/core/anaconda3/2021.05/lib/libuuid.so.1: no version information available (required by /lib64/libblkid.so.1)
ps: /comm/swstack/core/anaconda3/2021.05/lib/libuuid.so.1: no version information available (required by /lib64/libblkid.so.1)
ps: /comm/swstack/core/anaconda3/2021.05/lib/libuuid.so.1: no version information available (required by /lib64/libblkid.so.1)
ps: /comm/swstack/core/anaconda3/2021.05/lib/libuuid.so.1: no version information available (required by /lib64/libblkid.so.1)
ps: /comm/swstack/core/anaconda3/2021.05/lib/libuuid.so.1: no version information available (required by /lib64/libblkid.so.1)
ps: /comm/swstack/core/anaconda3/2021.05/lib/libuuid.so.1: no version information available (required by /lib64/libblkid.so.1)
ps: /comm/swstack/core/anaconda3/2021.05/lib/libuuid.so.1: no version information available (required by /lib64/libblkid.so.1)
ps: /comm/swstack/core/anaconda3/2021.05/lib/libuuid.so.1: no version information available (required by /lib64/libblkid.so.1)
ps: /comm/swstack/core/anaconda3/2021.05/lib/libuuid.so.1: no version information available (required by /lib64/libblkid.so.1)
ps: /comm/swstack/core/anaconda3/2021.05/lib/libuuid.so.1: no version information available (required by /lib64/libblkid.so.1)
ps: /comm/swstack/core/anaconda3/2021.05/lib/libuuid.so.1: no version information available (required by /lib64/libblkid.so.1)
ps: /comm/swstack/core/anaconda3/2021.05/lib/libuuid.so.1: no version information available (required by /lib64/libblkid.so.1)
ps: /comm/swstack/core/anaconda3/2021.05/lib/libuuid.so.1: no version information available (required by /lib64/libblkid.so.1)
ps: /comm/swstack/core/anaconda3/2021.05/lib/libuuid.so.1: no version information available (required by /lib64/libblkid.so.1)
ps: /comm/swstack/core/anaconda3/2021.05/lib/libuuid.so.1: no version information available (required by /lib64/libblkid.so.1)
ps: /comm/swstack/core/anaconda3/2021.05/lib/libuuid.so.1: no version information available (required by /lib64/libblkid.so.1)
ps: /comm/swstack/core/anaconda3/2021.05/lib/libuuid.so.1: no version information available (required by /lib64/libblkid.so.1)
ps: /comm/swstack/core/anaconda3/2021.05/lib/libuuid.so.1: no version information available (required by /lib64/libblkid.so.1)
ps: /comm/swstack/core/anaconda3/2021.05/lib/libuuid.so.1: no version information available (required by /lib64/libblkid.so.1)
ps: /comm/swstack/core/anaconda3/2021.05/lib/libuuid.so.1: no version information available (required by /lib64/libblkid.so.1)
ps: /comm/swstack/core/anaconda3/2021.05/lib/libuuid.so.1: no version information available (required by /lib64/libblkid.so.1)
ps: /comm/swstack/core/anaconda3/2021.05/lib/libuuid.so.1: no version information available (required by /lib64/libblkid.so.1)
ps: /comm/swstack/core/anaconda3/2021.05/lib/libuuid.so.1: no version information available (required by /lib64/libblkid.so.1)
ps: /comm/swstack/core/anaconda3/2021.05/lib/libuuid.so.1: no version information available (required by /lib64/libblkid.so.1)
ps: /comm/swstack/core/anaconda3/2021.05/lib/libuuid.so.1: no version information available (required by /lib64/libblkid.so.1)
ps: /comm/swstack/core/anaconda3/2021.05/lib/libuuid.so.1: no version information available (required by /lib64/libblkid.so.1)
ps: /comm/swstack/core/anaconda3/2021.05/lib/libuuid.so.1: no version information available (required by /lib64/libblkid.so.1)
ps: /comm/swstack/core/anaconda3/2021.05/lib/libuuid.so.1: no version information available (required by /lib64/libblkid.so.1)
ps: /comm/swstack/core/anaconda3/2021.05/lib/libuuid.so.1: no version information available (required by /lib64/libblkid.so.1)
ps: /comm/swstack/core/anaconda3/2021.05/lib/libuuid.so.1: no version information available (required by /lib64/libblkid.so.1)
ps: /comm/swstack/core/anaconda3/2021.05/lib/libuuid.so.1: no version information available (required by /lib64/libblkid.so.1)
ps: /comm/swstack/core/anaconda3/2021.05/lib/libuuid.so.1: no version information available (required by /lib64/libblkid.so.1)
ps: /comm/swstack/core/anaconda3/2021.05/lib/libuuid.so.1: no version information available (required by /lib64/libblkid.so.1)
ps: /comm/swstack/core/anaconda3/2021.05/lib/libuuid.so.1: no version information available (required by /lib64/libblkid.so.1)
ps: /comm/swstack/core/anaconda3/2021.05/lib/libuuid.so.1: no version information available (required by /lib64/libblkid.so.1)
ps: /comm/swstack/core/anaconda3/2021.05/lib/libuuid.so.1: no version information available (required by /lib64/libblkid.so.1)
ps: /comm/swstack/core/anaconda3/2021.05/lib/libuuid.so.1: no version information available (required by /lib64/libblkid.so.1)
ps: /comm/swstack/core/anaconda3/2021.05/lib/libuuid.so.1: no version information available (required by /lib64/libblkid.so.1)
ps: /comm/swstack/core/anaconda3/2021.05/lib/libuuid.so.1: no version information available (required by /lib64/libblkid.so.1)
ps: /comm/swstack/core/anaconda3/2021.05/lib/libuuid.so.1: no version information available (required by /lib64/libblkid.so.1)
ps: /comm/swstack/core/anaconda3/2021.05/lib/libuuid.so.1: no version information available (required by /lib64/libblkid.so.1)
ps: /comm/swstack/core/anaconda3/2021.05/lib/libuuid.so.1: no version information available (required by /lib64/libblkid.so.1)
ps: /comm/swstack/core/anaconda3/2021.05/lib/libuuid.so.1: no version information available (required by /lib64/libblkid.so.1)
ps: /comm/swstack/core/anaconda3/2021.05/lib/libuuid.so.1: no version information available (required by /lib64/libblkid.so.1)
ps: /comm/swstack/core/anaconda3/2021.05/lib/libuuid.so.1: no version information available (required by /lib64/libblkid.so.1)
ps: /comm/swstack/core/anaconda3/2021.05/lib/libuuid.so.1: no version information available (required by /lib64/libblkid.so.1)
ps: /comm/swstack/core/anaconda3/2021.05/lib/libuuid.so.1: no version information available (required by /lib64/libblkid.so.1)
ps: /comm/swstack/core/anaconda3/2021.05/lib/libuuid.so.1: no version information available (required by /lib64/libblkid.so.1)
ps: /comm/swstack/core/anaconda3/2021.05/lib/libuuid.so.1: no version information available (required by /lib64/libblkid.so.1)
ps: /comm/swstack/core/anaconda3/2021.05/lib/libuuid.so.1: no version information available (required by /lib64/libblkid.so.1)
ps: /comm/swstack/core/anaconda3/2021.05/lib/libuuid.so.1: no version information available (required by /lib64/libblkid.so.1)
ps: /comm/swstack/core/anaconda3/2021.05/lib/libuuid.so.1: no version information available (required by /lib64/libblkid.so.1)
ps: /comm/swstack/core/anaconda3/2021.05/lib/libuuid.so.1: no version information available (required by /lib64/libblkid.so.1)
ps: /comm/swstack/core/anaconda3/2021.05/lib/libuuid.so.1: no version information available (required by /lib64/libblkid.so.1)
ps: /comm/swstack/core/anaconda3/2021.05/lib/libuuid.so.1: no version information available (required by /lib64/libblkid.so.1)
ps: /comm/swstack/core/anaconda3/2021.05/lib/libuuid.so.1: no version information available (required by /lib64/libblkid.so.1)
ps: /comm/swstack/core/anaconda3/2021.05/lib/libuuid.so.1: no version information available (required by /lib64/libblkid.so.1)
ps: /comm/swstack/core/anaconda3/2021.05/lib/libuuid.so.1: no version information available (required by /lib64/libblkid.so.1)
ps: /comm/swstack/core/anaconda3/2021.05/lib/libuuid.so.1: no version information available (required by /lib64/libblkid.so.1)
ps: /comm/swstack/core/anaconda3/2021.05/lib/libuuid.so.1: no version information available (required by /lib64/libblkid.so.1)
ps: /comm/swstack/core/anaconda3/2021.05/lib/libuuid.so.1: no version information available (required by /lib64/libblkid.so.1)
ps: /comm/swstack/core/anaconda3/2021.05/lib/libuuid.so.1: no version information available (required by /lib64/libblkid.so.1)
ps: /comm/swstack/core/anaconda3/2021.05/lib/libuuid.so.1: no version information available (required by /lib64/libblkid.so.1)
ps: /comm/swstack/core/anaconda3/2021.05/lib/libuuid.so.1: no version information available (required by /lib64/libblkid.so.1)
ps: /comm/swstack/core/anaconda3/2021.05/lib/libuuid.so.1: no version information available (required by /lib64/libblkid.so.1)
ps: /comm/swstack/core/anaconda3/2021.05/lib/libuuid.so.1: no version information available (required by /lib64/libblkid.so.1)
ps: /comm/swstack/core/anaconda3/2021.05/lib/libuuid.so.1: no version information available (required by /lib64/libblkid.so.1)
ps: /comm/swstack/core/anaconda3/2021.05/lib/libuuid.so.1: no version information available (required by /lib64/libblkid.so.1)
ps: /comm/swstack/core/anaconda3/2021.05/lib/libuuid.so.1: no version information available (required by /lib64/libblkid.so.1)
ps: /comm/swstack/core/anaconda3/2021.05/lib/libuuid.so.1: no version information available (required by /lib64/libblkid.so.1)
ps: /comm/swstack/core/anaconda3/2021.05/lib/libuuid.so.1: no version information available (required by /lib64/libblkid.so.1)
ps: /comm/swstack/core/anaconda3/2021.05/lib/libuuid.so.1: no version information available (required by /lib64/libblkid.so.1)
ps: /comm/swstack/core/anaconda3/2021.05/lib/libuuid.so.1: no version information available (required by /lib64/libblkid.so.1)
ps: /comm/swstack/core/anaconda3/2021.05/lib/libuuid.so.1: no version information available (required by /lib64/libblkid.so.1)
ps: /comm/swstack/core/anaconda3/2021.05/lib/libuuid.so.1: no version information available (required by /lib64/libblkid.so.1)
ps: /comm/swstack/core/anaconda3/2021.05/lib/libuuid.so.1: no version information available (required by /lib64/libblkid.so.1)
ps: /comm/swstack/core/anaconda3/2021.05/lib/libuuid.so.1: no version information available (required by /lib64/libblkid.so.1)
ps: /comm/swstack/core/anaconda3/2021.05/lib/libuuid.so.1: no version information available (required by /lib64/libblkid.so.1)
ps: /comm/swstack/core/anaconda3/2021.05/lib/libuuid.so.1: no version information available (required by /lib64/libblkid.so.1)
ps: /comm/swstack/core/anaconda3/2021.05/lib/libuuid.so.1: no version information available (required by /lib64/libblkid.so.1)
ps: /comm/swstack/core/anaconda3/2021.05/lib/libuuid.so.1: no version information available (required by /lib64/libblkid.so.1)
ps: /comm/swstack/core/anaconda3/2021.05/lib/libuuid.so.1: no version information available (required by /lib64/libblkid.so.1)
ps: /comm/swstack/core/anaconda3/2021.05/lib/libuuid.so.1: no version information available (required by /lib64/libblkid.so.1)
ps: /comm/swstack/core/anaconda3/2021.05/lib/libuuid.so.1: no version information available (required by /lib64/libblkid.so.1)
ps: /comm/swstack/core/anaconda3/2021.05/lib/libuuid.so.1: no version information available (required by /lib64/libblkid.so.1)
ps: /comm/swstack/core/anaconda3/2021.05/lib/libuuid.so.1: no version information available (required by /lib64/libblkid.so.1)
ps: /comm/swstack/core/anaconda3/2021.05/lib/libuuid.so.1: no version information available (required by /lib64/libblkid.so.1)
ps: /comm/swstack/core/anaconda3/2021.05/lib/libuuid.so.1: no version information available (required by /lib64/libblkid.so.1)
ps: /comm/swstack/core/anaconda3/2021.05/lib/libuuid.so.1: no version information available (required by /lib64/libblkid.so.1)
ps: /comm/swstack/core/anaconda3/2021.05/lib/libuuid.so.1: no version information available (required by /lib64/libblkid.so.1)
ps: /comm/swstack/core/anaconda3/2021.05/lib/libuuid.so.1: no version information available (required by /lib64/libblkid.so.1)
ps: /comm/swstack/core/anaconda3/2021.05/lib/libuuid.so.1: no version information available (required by /lib64/libblkid.so.1)
ps: /comm/swstack/core/anaconda3/2021.05/lib/libuuid.so.1: no version information available (required by /lib64/libblkid.so.1)
ps: /comm/swstack/core/anaconda3/2021.05/lib/libuuid.so.1: no version information available (required by /lib64/libblkid.so.1)
ps: /comm/swstack/core/anaconda3/2021.05/lib/libuuid.so.1: no version information available (required by /lib64/libblkid.so.1)
ps: /comm/swstack/core/anaconda3/2021.05/lib/libuuid.so.1: no version information available (required by /lib64/libblkid.so.1)
ps: /comm/swstack/core/anaconda3/2021.05/lib/libuuid.so.1: no version information available (required by /lib64/libblkid.so.1)
ps: /comm/swstack/core/anaconda3/2021.05/lib/libuuid.so.1: no version information available (required by /lib64/libblkid.so.1)
ps: /comm/swstack/core/anaconda3/2021.05/lib/libuuid.so.1: no version information available (required by /lib64/libblkid.so.1)
ps: /comm/swstack/core/anaconda3/2021.05/lib/libuuid.so.1: no version information available (required by /lib64/libblkid.so.1)
ps: /comm/swstack/core/anaconda3/2021.05/lib/libuuid.so.1: no version information available (required by /lib64/libblkid.so.1)
ps: /comm/swstack/core/anaconda3/2021.05/lib/libuuid.so.1: no version information available (required by /lib64/libblkid.so.1)
ps: /comm/swstack/core/anaconda3/2021.05/lib/libuuid.so.1: no version information available (required by /lib64/libblkid.so.1)
ps: /comm/swstack/core/anaconda3/2021.05/lib/libuuid.so.1: no version information available (required by /lib64/libblkid.so.1)
ps: /comm/swstack/core/anaconda3/2021.05/lib/libuuid.so.1: no version information available (required by /lib64/libblkid.so.1)
ps: /comm/swstack/core/anaconda3/2021.05/lib/libuuid.so.1: no version information available (required by /lib64/libblkid.so.1)
ps: /comm/swstack/core/anaconda3/2021.05/lib/libuuid.so.1: no version information available (required by /lib64/libblkid.so.1)
ps: /comm/swstack/core/anaconda3/2021.05/lib/libuuid.so.1: no version information available (required by /lib64/libblkid.so.1)
ps: /comm/swstack/core/anaconda3/2021.05/lib/libuuid.so.1: no version information available (required by /lib64/libblkid.so.1)
ps: /comm/swstack/core/anaconda3/2021.05/lib/libuuid.so.1: no version information available (required by /lib64/libblkid.so.1)
ps: /comm/swstack/core/anaconda3/2021.05/lib/libuuid.so.1: no version information available (required by /lib64/libblkid.so.1)
ps: /comm/swstack/core/anaconda3/2021.05/lib/libuuid.so.1: no version information available (required by /lib64/libblkid.so.1)
ps: /comm/swstack/core/anaconda3/2021.05/lib/libuuid.so.1: no version information available (required by /lib64/libblkid.so.1)
ps: /comm/swstack/core/anaconda3/2021.05/lib/libuuid.so.1: no version information available (required by /lib64/libblkid.so.1)
ps: /comm/swstack/core/anaconda3/2021.05/lib/libuuid.so.1: no version information available (required by /lib64/libblkid.so.1)
ps: /comm/swstack/core/anaconda3/2021.05/lib/libuuid.so.1: no version information available (required by /lib64/libblkid.so.1)
ps: /comm/swstack/core/anaconda3/2021.05/lib/libuuid.so.1: no version information available (required by /lib64/libblkid.so.1)
ps: /comm/swstack/core/anaconda3/2021.05/lib/libuuid.so.1: no version information available (required by /lib64/libblkid.so.1)
ps: /comm/swstack/core/anaconda3/2021.05/lib/libuuid.so.1: no version information available (required by /lib64/libblkid.so.1)
ps: /comm/swstack/core/anaconda3/2021.05/lib/libuuid.so.1: no version information available (required by /lib64/libblkid.so.1)
ps: /comm/swstack/core/anaconda3/2021.05/lib/libuuid.so.1: no version information available (required by /lib64/libblkid.so.1)
ps: /comm/swstack/core/anaconda3/2021.05/lib/libuuid.so.1: no version information available (required by /lib64/libblkid.so.1)
ps: /comm/swstack/core/anaconda3/2021.05/lib/libuuid.so.1: no version information available (required by /lib64/libblkid.so.1)
ps: /comm/swstack/core/anaconda3/2021.05/lib/libuuid.so.1: no version information available (required by /lib64/libblkid.so.1)
ps: /comm/swstack/core/anaconda3/2021.05/lib/libuuid.so.1: no version information available (required by /lib64/libblkid.so.1)
ps: /comm/swstack/core/anaconda3/2021.05/lib/libuuid.so.1: no version information available (required by /lib64/libblkid.so.1)
ps: /comm/swstack/core/anaconda3/2021.05/lib/libuuid.so.1: no version information available (required by /lib64/libblkid.so.1)
ps: /comm/swstack/core/anaconda3/2021.05/lib/libuuid.so.1: no version information available (required by /lib64/libblkid.so.1)
ps: /comm/swstack/core/anaconda3/2021.05/lib/libuuid.so.1: no version information available (required by /lib64/libblkid.so.1)
ps: /comm/swstack/core/anaconda3/2021.05/lib/libuuid.so.1: no version information available (required by /lib64/libblkid.so.1)
ps: /comm/swstack/core/anaconda3/2021.05/lib/libuuid.so.1: no version information available (required by /lib64/libblkid.so.1)
ps: /comm/swstack/core/anaconda3/2021.05/lib/libuuid.so.1: no version information available (required by /lib64/libblkid.so.1)
ps: /comm/swstack/core/anaconda3/2021.05/lib/libuuid.so.1: no version information available (required by /lib64/libblkid.so.1)
ps: /comm/swstack/core/anaconda3/2021.05/lib/libuuid.so.1: no version information available (required by /lib64/libblkid.so.1)
ps: /comm/swstack/core/anaconda3/2021.05/lib/libuuid.so.1: no version information available (required by /lib64/libblkid.so.1)
ps: /comm/swstack/core/anaconda3/2021.05/lib/libuuid.so.1: no version information available (required by /lib64/libblkid.so.1)
ps: /comm/swstack/core/anaconda3/2021.05/lib/libuuid.so.1: no version information available (required by /lib64/libblkid.so.1)
ps: /comm/swstack/core/anaconda3/2021.05/lib/libuuid.so.1: no version information available (required by /lib64/libblkid.so.1)
ps: /comm/swstack/core/anaconda3/2021.05/lib/libuuid.so.1: no version information available (required by /lib64/libblkid.so.1)
ps: /comm/swstack/core/anaconda3/2021.05/lib/libuuid.so.1: no version information available (required by /lib64/libblkid.so.1)
ps: /comm/swstack/core/anaconda3/2021.05/lib/libuuid.so.1: no version information available (required by /lib64/libblkid.so.1)
ps: /comm/swstack/core/anaconda3/2021.05/lib/libuuid.so.1: no version information available (required by /lib64/libblkid.so.1)
ps: /comm/swstack/core/anaconda3/2021.05/lib/libuuid.so.1: no version information available (required by /lib64/libblkid.so.1)
ps: /comm/swstack/core/anaconda3/2021.05/lib/libuuid.so.1: no version information available (required by /lib64/libblkid.so.1)
ps: /comm/swstack/core/anaconda3/2021.05/lib/libuuid.so.1: no version information available (required by /lib64/libblkid.so.1)
ps: /comm/swstack/core/anaconda3/2021.05/lib/libuuid.so.1: no version information available (required by /lib64/libblkid.so.1)
ps: /comm/swstack/core/anaconda3/2021.05/lib/libuuid.so.1: no version information available (required by /lib64/libblkid.so.1)
ps: /comm/swstack/core/anaconda3/2021.05/lib/libuuid.so.1: no version information available (required by /lib64/libblkid.so.1)
ps: /comm/swstack/core/anaconda3/2021.05/lib/libuuid.so.1: no version information available (required by /lib64/libblkid.so.1)
ps: /comm/swstack/core/anaconda3/2021.05/lib/libuuid.so.1: no version information available (required by /lib64/libblkid.so.1)
ps: /comm/swstack/core/anaconda3/2021.05/lib/libuuid.so.1: no version information available (required by /lib64/libblkid.so.1)
ps: /comm/swstack/core/anaconda3/2021.05/lib/libuuid.so.1: no version information available (required by /lib64/libblkid.so.1)
ps: /comm/swstack/core/anaconda3/2021.05/lib/libuuid.so.1: no version information available (required by /lib64/libblkid.so.1)
ps: /comm/swstack/core/anaconda3/2021.05/lib/libuuid.so.1: no version information available (required by /lib64/libblkid.so.1)
ps: /comm/swstack/core/anaconda3/2021.05/lib/libuuid.so.1: no version information available (required by /lib64/libblkid.so.1)
ps: /comm/swstack/core/anaconda3/2021.05/lib/libuuid.so.1: no version information available (required by /lib64/libblkid.so.1)
ps: /comm/swstack/core/anaconda3/2021.05/lib/libuuid.so.1: no version information available (required by /lib64/libblkid.so.1)
ps: /comm/swstack/core/anaconda3/2021.05/lib/libuuid.so.1: no version information available (required by /lib64/libblkid.so.1)
ps: /comm/swstack/core/anaconda3/2021.05/lib/libuuid.so.1: no version information available (required by /lib64/libblkid.so.1)
ps: /comm/swstack/core/anaconda3/2021.05/lib/libuuid.so.1: no version information available (required by /lib64/libblkid.so.1)
ps: /comm/swstack/core/anaconda3/2021.05/lib/libuuid.so.1: no version information available (required by /lib64/libblkid.so.1)
ps: /comm/swstack/core/anaconda3/2021.05/lib/libuuid.so.1: no version information available (required by /lib64/libblkid.so.1)
ps: /comm/swstack/core/anaconda3/2021.05/lib/libuuid.so.1: no version information available (required by /lib64/libblkid.so.1)
ps: /comm/swstack/core/anaconda3/2021.05/lib/libuuid.so.1: no version information available (required by /lib64/libblkid.so.1)
ps: /comm/swstack/core/anaconda3/2021.05/lib/libuuid.so.1: no version information available (required by /lib64/libblkid.so.1)
ps: /comm/swstack/core/anaconda3/2021.05/lib/libuuid.so.1: no version information available (required by /lib64/libblkid.so.1)
ps: /comm/swstack/core/anaconda3/2021.05/lib/libuuid.so.1: no version information available (required by /lib64/libblkid.so.1)
ps: /comm/swstack/core/anaconda3/2021.05/lib/libuuid.so.1: no version information available (required by /lib64/libblkid.so.1)
ps: /comm/swstack/core/anaconda3/2021.05/lib/libuuid.so.1: no version information available (required by /lib64/libblkid.so.1)
ps: /comm/swstack/core/anaconda3/2021.05/lib/libuuid.so.1: no version information available (required by /lib64/libblkid.so.1)
ps: /comm/swstack/core/anaconda3/2021.05/lib/libuuid.so.1: no version information available (required by /lib64/libblkid.so.1)
ps: /comm/swstack/core/anaconda3/2021.05/lib/libuuid.so.1: no version information available (required by /lib64/libblkid.so.1)
ps: /comm/swstack/core/anaconda3/2021.05/lib/libuuid.so.1: no version information available (required by /lib64/libblkid.so.1)
ps: /comm/swstack/core/anaconda3/2021.05/lib/libuuid.so.1: no version information available (required by /lib64/libblkid.so.1)
ps: /comm/swstack/core/anaconda3/2021.05/lib/libuuid.so.1: no version information available (required by /lib64/libblkid.so.1)
ps: /comm/swstack/core/anaconda3/2021.05/lib/libuuid.so.1: no version information available (required by /lib64/libblkid.so.1)
ps: /comm/swstack/core/anaconda3/2021.05/lib/libuuid.so.1: no version information available (required by /lib64/libblkid.so.1)
ps: /comm/swstack/core/anaconda3/2021.05/lib/libuuid.so.1: no version information available (required by /lib64/libblkid.so.1)
ps: /comm/swstack/core/anaconda3/2021.05/lib/libuuid.so.1: no version information available (required by /lib64/libblkid.so.1)
ps: /comm/swstack/core/anaconda3/2021.05/lib/libuuid.so.1: no version information available (required by /lib64/libblkid.so.1)
ps: /comm/swstack/core/anaconda3/2021.05/lib/libuuid.so.1: no version information available (required by /lib64/libblkid.so.1)
ps: /comm/swstack/core/anaconda3/2021.05/lib/libuuid.so.1: no version information available (required by /lib64/libblkid.so.1)
ps: /comm/swstack/core/anaconda3/2021.05/lib/libuuid.so.1: no version information available (required by /lib64/libblkid.so.1)
ps: /comm/swstack/core/anaconda3/2021.05/lib/libuuid.so.1: no version information available (required by /lib64/libblkid.so.1)
ps: /comm/swstack/core/anaconda3/2021.05/lib/libuuid.so.1: no version information available (required by /lib64/libblkid.so.1)
ps: /comm/swstack/core/anaconda3/2021.05/lib/libuuid.so.1: no version information available (required by /lib64/libblkid.so.1)
ps: /comm/swstack/core/anaconda3/2021.05/lib/libuuid.so.1: no version information available (required by /lib64/libblkid.so.1)
ps: /comm/swstack/core/anaconda3/2021.05/lib/libuuid.so.1: no version information available (required by /lib64/libblkid.so.1)
ps: /comm/swstack/core/anaconda3/2021.05/lib/libuuid.so.1: no version information available (required by /lib64/libblkid.so.1)
ps: /comm/swstack/core/anaconda3/2021.05/lib/libuuid.so.1: no version information available (required by /lib64/libblkid.so.1)
